
> frontend@0.1.0 build
> next build

▲ Next.js 16.1.7 (Turbopack)
- Environments: .env.local, .env

node.exe : ⚠ The "middleware" file convention is deprecated. Please use "proxy" instead. Learn more: 
https://nextjs.org/docs/messages/middleware-to-proxy
At line:1 char:1
+ & "C:\Users\soura\AppData\Roaming\Accio\pre-install\bd5ff2c6816a\node ...
+ ~~~~~~~~~~~~~~~~~~~~~~~~~~~~~~~~~~~~~~~~~~~~~~~~~~~~~~~~~~~~~~~~~~~~~
    + CategoryInfo          : NotSpecified: (⚠ The "middlewa...leware-to-proxy:String) [], RemoteException
    + FullyQualifiedErrorId : NativeCommandError
 
  Creating an optimized production build ...
✓ Compiled successfully in 102s
  Running TypeScript ...

> Build error occurred
Error: spawn EPERM
    at ignore-listed frames {
  errno: -4048,
  code: 'EPERM',
  syscall: 'spawn'
}
